     1 00000000                                 [FORMAT "WCOFF"]
     2 00000000                                 [INSTRSET "i486p"]
     3 00000000                                 [OPTIMIZE 1]
     4 00000000                                 [OPTION 1]
     5 00000000                                 [BITS 32]
     6 00000000                                 	EXTERN	_memman_alloc_4k
     7 00000000                                 	EXTERN	_tek_getsize
     8 00000000                                 	EXTERN	_tek_decomp
     9 00000000                                 	EXTERN	_memman_free_4k
    10 00000000                                 [FILE "file.c"]
    11                                          [SECTION .text]
    12 00000000                                 	GLOBAL	_file_readfat
    13 00000000                                 _file_readfat:
    14 00000000 55                              	PUSH	EBP
    15 00000001 31 C9                           	XOR	ECX,ECX
    16 00000003 89 E5                           	MOV	EBP,ESP
    17 00000005 57                              	PUSH	EDI
    18 00000006 56                              	PUSH	ESI
    19 00000007 53                              	PUSH	EBX
    20 00000008 8B 7D 08                        	MOV	EDI,DWORD [8+EBP]
    21 0000000B 8B 75 0C                        	MOV	ESI,DWORD [12+EBP]
    22 0000000E 31 DB                           	XOR	EBX,EBX
    23 00000010                                 L6:
    24 00000010 0F B6 44 31 01                  	MOVZX	EAX,BYTE [1+ECX+ESI*1]
    25 00000015 0F B6 14 31                     	MOVZX	EDX,BYTE [ECX+ESI*1]
    26 00000019 C1 E0 08                        	SAL	EAX,8
    27 0000001C 09 C2                           	OR	EDX,EAX
    28 0000001E 81 E2 00000FFF                  	AND	EDX,4095
    29 00000024 89 14 9F                        	MOV	DWORD [EDI+EBX*4],EDX
    30 00000027 8A 44 31 01                     	MOV	AL,BYTE [1+ECX+ESI*1]
    31 0000002B 0F B6 54 31 02                  	MOVZX	EDX,BYTE [2+ECX+ESI*1]
    32 00000030 C0 E8 04                        	SHR	AL,4
    33 00000033 83 C1 03                        	ADD	ECX,3
    34 00000036 C1 E2 04                        	SAL	EDX,4
    35 00000039 0F B6 C0                        	MOVZX	EAX,AL
    36 0000003C 09 D0                           	OR	EAX,EDX
    37 0000003E 89 44 9F 04                     	MOV	DWORD [4+EDI+EBX*4],EAX
    38 00000042 83 C3 02                        	ADD	EBX,2
    39 00000045 81 FB 00000B3F                  	CMP	EBX,2879
    40 0000004B 7E C3                           	JLE	L6
    41 0000004D 5B                              	POP	EBX
    42 0000004E 5E                              	POP	ESI
    43 0000004F 5F                              	POP	EDI
    44 00000050 5D                              	POP	EBP
    45 00000051 C3                              	RET
    46 00000052                                 	GLOBAL	_file_loadfile
    47 00000052                                 _file_loadfile:
    48 00000052 55                              	PUSH	EBP
    49 00000053 89 E5                           	MOV	EBP,ESP
    50 00000055 57                              	PUSH	EDI
    51 00000056 56                              	PUSH	ESI
    52 00000057 53                              	PUSH	EBX
    53 00000058 8B 4D 0C                        	MOV	ECX,DWORD [12+EBP]
    54 0000005B 8B 75 08                        	MOV	ESI,DWORD [8+EBP]
    55 0000005E 8B 5D 10                        	MOV	EBX,DWORD [16+EBP]
    56 00000061                                 L10:
    57 00000061 81 F9 00000200                  	CMP	ECX,512
    58 00000067 7E 2F                           	JLE	L27
    59 00000069 31 D2                           	XOR	EDX,EDX
    60 0000006B                                 L23:
    61 0000006B 89 F0                           	MOV	EAX,ESI
    62 0000006D 8B 7D 18                        	MOV	EDI,DWORD [24+EBP]
    63 00000070 C1 E0 09                        	SAL	EAX,9
    64 00000073 01 D0                           	ADD	EAX,EDX
    65 00000075 8A 04 38                        	MOV	AL,BYTE [EAX+EDI*1]
    66 00000078 88 04 1A                        	MOV	BYTE [EDX+EBX*1],AL
    67 0000007B 42                              	INC	EDX
    68 0000007C 81 FA 000001FF                  	CMP	EDX,511
    69 00000082 7E E7                           	JLE	L23
    70 00000084 8B 45 14                        	MOV	EAX,DWORD [20+EBP]
    71 00000087 81 E9 00000200                  	SUB	ECX,512
    72 0000008D 81 C3 00000200                  	ADD	EBX,512
    73 00000093 8B 34 B0                        	MOV	ESI,DWORD [EAX+ESI*4]
    74 00000096 EB C9                           	JMP	L10
    75 00000098                                 L27:
    76 00000098 31 D2                           	XOR	EDX,EDX
    77 0000009A 39 CA                           	CMP	EDX,ECX
    78 0000009C 7D 15                           	JGE	L9
    79 0000009E                                 L18:
    80 0000009E 89 F0                           	MOV	EAX,ESI
    81 000000A0 8B 7D 18                        	MOV	EDI,DWORD [24+EBP]
    82 000000A3 C1 E0 09                        	SAL	EAX,9
    83 000000A6 01 D0                           	ADD	EAX,EDX
    84 000000A8 8A 04 38                        	MOV	AL,BYTE [EAX+EDI*1]
    85 000000AB 88 04 1A                        	MOV	BYTE [EDX+EBX*1],AL
    86 000000AE 42                              	INC	EDX
    87 000000AF 39 CA                           	CMP	EDX,ECX
    88 000000B1 7C EB                           	JL	L18
    89 000000B3                                 L9:
    90 000000B3 5B                              	POP	EBX
    91 000000B4 5E                              	POP	ESI
    92 000000B5 5F                              	POP	EDI
    93 000000B6 5D                              	POP	EBP
    94 000000B7 C3                              	RET
    95 000000B8                                 	GLOBAL	_file_loadfile2
    96 000000B8                                 _file_loadfile2:
    97 000000B8 55                              	PUSH	EBP
    98 000000B9 89 E5                           	MOV	EBP,ESP
    99 000000BB 57                              	PUSH	EDI
   100 000000BC 56                              	PUSH	ESI
   101 000000BD 53                              	PUSH	EBX
   102 000000BE 52                              	PUSH	EDX
   103 000000BF 8B 45 0C                        	MOV	EAX,DWORD [12+EBP]
   104 000000C2 8B 00                           	MOV	EAX,DWORD [EAX]
   105 000000C4 50                              	PUSH	EAX
   106 000000C5 89 45 F0                        	MOV	DWORD [-16+EBP],EAX
   107 000000C8 68 003C0000                     	PUSH	3932160
   108 000000CD E8 [00000000]                   	CALL	_memman_alloc_4k
   109 000000D2 68 00103E00                     	PUSH	1064448
   110 000000D7 FF 75 10                        	PUSH	DWORD [16+EBP]
   111 000000DA 50                              	PUSH	EAX
   112 000000DB 89 C7                           	MOV	EDI,EAX
   113 000000DD FF 75 F0                        	PUSH	DWORD [-16+EBP]
   114 000000E0 FF 75 08                        	PUSH	DWORD [8+EBP]
   115 000000E3 E8 FFFFFF6A                     	CALL	_file_loadfile
   116 000000E8 83 C4 1C                        	ADD	ESP,28
   117 000000EB 83 7D F0 10                     	CMP	DWORD [-16+EBP],16
   118 000000EF 7F 0A                           	JG	L31
   119 000000F1                                 L29:
   120 000000F1 8D 65 F4                        	LEA	ESP,DWORD [-12+EBP]
   121 000000F4 89 F8                           	MOV	EAX,EDI
   122 000000F6 5B                              	POP	EBX
   123 000000F7 5E                              	POP	ESI
   124 000000F8 5F                              	POP	EDI
   125 000000F9 5D                              	POP	EBP
   126 000000FA C3                              	RET
   127 000000FB                                 L31:
   128 000000FB 57                              	PUSH	EDI
   129 000000FC E8 [00000000]                   	CALL	_tek_getsize
   130 00000101 89 C6                           	MOV	ESI,EAX
   131 00000103 58                              	POP	EAX
   132 00000104 85 F6                           	TEST	ESI,ESI
   133 00000106 7E E9                           	JLE	L29
   134 00000108 56                              	PUSH	ESI
   135 00000109 68 003C0000                     	PUSH	3932160
   136 0000010E E8 [00000000]                   	CALL	_memman_alloc_4k
   137 00000113 56                              	PUSH	ESI
   138 00000114 89 C3                           	MOV	EBX,EAX
   139 00000116 50                              	PUSH	EAX
   140 00000117 57                              	PUSH	EDI
   141 00000118 E8 [00000000]                   	CALL	_tek_decomp
   142 0000011D FF 75 F0                        	PUSH	DWORD [-16+EBP]
   143 00000120 57                              	PUSH	EDI
   144 00000121 89 DF                           	MOV	EDI,EBX
   145 00000123 68 003C0000                     	PUSH	3932160
   146 00000128 E8 [00000000]                   	CALL	_memman_free_4k
   147 0000012D 83 C4 20                        	ADD	ESP,32
   148 00000130 8B 45 0C                        	MOV	EAX,DWORD [12+EBP]
   149 00000133 89 30                           	MOV	DWORD [EAX],ESI
   150 00000135 EB BA                           	JMP	L29
   151 00000137                                 	GLOBAL	_file_search
   152 00000137                                 _file_search:
   153 00000137 55                              	PUSH	EBP
   154 00000138 31 C9                           	XOR	ECX,ECX
   155 0000013A 89 E5                           	MOV	EBP,ESP
   156 0000013C 57                              	PUSH	EDI
   157 0000013D 56                              	PUSH	ESI
   158 0000013E 53                              	PUSH	EBX
   159 0000013F 83 EC 14                        	SUB	ESP,20
   160 00000142 8B 5D 08                        	MOV	EBX,DWORD [8+EBP]
   161 00000145                                 L37:
   162 00000145 C6 44 0D E4 20                  	MOV	BYTE [-28+EBP+ECX*1],32
   163 0000014A 41                              	INC	ECX
   164 0000014B 83 F9 0A                        	CMP	ECX,10
   165 0000014E 7E F5                           	JLE	L37
   166 00000150 31 C9                           	XOR	ECX,ECX
   167 00000152 31 FF                           	XOR	EDI,EDI
   168 00000154 80 3B 00                        	CMP	BYTE [EBX],0
   169 00000157 74 29                           	JE	L64
   170 00000159                                 L46:
   171 00000159 31 C0                           	XOR	EAX,EAX
   172 0000015B 83 F9 0A                        	CMP	ECX,10
   173 0000015E 7F 5B                           	JG	L32
   174 00000160 8A 14 1F                        	MOV	DL,BYTE [EDI+EBX*1]
   175 00000163 80 FA 2E                        	CMP	DL,46
   176 00000166 74 6C                           	JE	L68
   177 00000168                                 L43:
   178 00000168 8D 42 9F                        	LEA	EAX,DWORD [-97+EDX]
   179 0000016B 88 54 0D E4                     	MOV	BYTE [-28+EBP+ECX*1],DL
   180 0000016F 3C 19                           	CMP	AL,25
   181 00000171 77 07                           	JA	L45
   182 00000173 8D 42 E0                        	LEA	EAX,DWORD [-32+EDX]
   183 00000176 88 44 0D E4                     	MOV	BYTE [-28+EBP+ECX*1],AL
   184 0000017A                                 L45:
   185 0000017A 41                              	INC	ECX
   186 0000017B                                 L40:
   187 0000017B 47                              	INC	EDI
   188 0000017C 80 3C 1F 00                     	CMP	BYTE [EDI+EBX*1],0
   189 00000180 75 D7                           	JNE	L46
   190 00000182                                 L64:
   191 00000182 31 FF                           	XOR	EDI,EDI
   192 00000184 3B 7D 10                        	CMP	EDI,DWORD [16+EBP]
   193 00000187 7D 47                           	JGE	L48
   194 00000189 8B 75 0C                        	MOV	ESI,DWORD [12+EBP]
   195 0000018C C7 45 E0 00000000               	MOV	DWORD [-32+EBP],0
   196 00000193                                 L60:
   197 00000193 80 3E 00                        	CMP	BYTE [ESI],0
   198 00000196 74 38                           	JE	L48
   199 00000198 F6 46 0B 18                     	TEST	BYTE [11+ESI],24
   200 0000019C 75 25                           	JNE	L58
   201 0000019E 8B 5D 0C                        	MOV	EBX,DWORD [12+EBP]
   202 000001A1 31 C9                           	XOR	ECX,ECX
   203 000001A3 03 5D E0                        	ADD	EBX,DWORD [-32+EBP]
   204 000001A6                                 L59:
   205 000001A6 0F B6 13                        	MOVZX	EDX,BYTE [EBX]
   206 000001A9 0F BE 44 0D E4                  	MOVSX	EAX,BYTE [-28+EBP+ECX*1]
   207 000001AE 39 C2                           	CMP	EDX,EAX
   208 000001B0 75 11                           	JNE	L58
   209 000001B2 41                              	INC	ECX
   210 000001B3 43                              	INC	EBX
   211 000001B4 89 F0                           	MOV	EAX,ESI
   212 000001B6 83 F9 0A                        	CMP	ECX,10
   213 000001B9 7E EB                           	JLE	L59
   214 000001BB                                 L32:
   215 000001BB 83 C4 14                        	ADD	ESP,20
   216 000001BE 5B                              	POP	EBX
   217 000001BF 5E                              	POP	ESI
   218 000001C0 5F                              	POP	EDI
   219 000001C1 5D                              	POP	EBP
   220 000001C2 C3                              	RET
   221 000001C3                                 L58:
   222 000001C3 47                              	INC	EDI
   223 000001C4 83 C6 20                        	ADD	ESI,32
   224 000001C7 83 45 E0 20                     	ADD	DWORD [-32+EBP],32
   225 000001CB 3B 7D 10                        	CMP	EDI,DWORD [16+EBP]
   226 000001CE 7C C3                           	JL	L60
   227 000001D0                                 L48:
   228 000001D0 31 C0                           	XOR	EAX,EAX
   229 000001D2 EB E7                           	JMP	L32
   230 000001D4                                 L68:
   231 000001D4 83 F9 08                        	CMP	ECX,8
   232 000001D7 7F 8F                           	JG	L43
   233 000001D9 B9 00000008                     	MOV	ECX,8
   234 000001DE EB 9B                           	JMP	L40
